// Jest Snapshot v1, https://goo.gl/fbAQLP

exports[`#fetchAccount should collect data 1`] = `
{
  "collectedEntities": [
    {
      "_class": [
        "Account",
      ],
      "_key": "zendesk_account:metronsecurity",
      "_rawData": [
        {
          "name": "default",
          "rawData": {
            "multiproduct": true,
            "name": "Metron security",
            "owner_id": 14930942403996,
            "sandbox": false,
            "subdomain": "metronsecurity",
            "time_format": 24,
            "time_zone": "Asia/Kolkata",
            "url": "https://metronsecurity.zendesk.com",
          },
        },
      ],
      "_type": "zendesk_account",
      "accessURL": "https://metronsecurity.zendesk.com",
      "accountId": "metronsecurity",
      "createdOn": undefined,
      "displayName": "Metron security",
      "name": "Metron security",
    },
  ],
  "collectedRelationships": [],
  "encounteredTypes": [
    "zendesk_account",
  ],
  "numCollectedEntities": 1,
  "numCollectedRelationships": 0,
}
`;
