// Jest Snapshot v1, https://goo.gl/fbAQLP

exports[`#fetchAccount should collect data 1`] = `
Object {
  "collectedEntities": Array [
    Object {
      "_class": Array [
        "Account",
      ],
      "_key": "zendesk_account:jupiterone-dev",
      "_rawData": Array [
        Object {
          "name": "default",
          "rawData": Object {
            "multiproduct": true,
            "name": "JupiterOne",
            "owner_id": 420755677092,
            "sandbox": false,
            "subdomain": "jupiterone-dev",
            "time_format": 24,
            "time_zone": "America/New_York",
            "url": "https://jupiterone-dev.zendesk.com",
          },
        },
      ],
      "_type": "zendesk_account",
      "accessURL": "https://jupiterone-dev.zendesk.com",
      "accountId": "jupiterone-dev",
      "createdOn": undefined,
      "displayName": "JupiterOne",
      "name": "JupiterOne",
    },
  ],
  "collectedRelationships": Array [],
  "encounteredTypes": Array [
    "zendesk_account",
  ],
  "numCollectedEntities": 1,
  "numCollectedRelationships": 0,
}
`;
