// Jest Snapshot v1, https://goo.gl/fbAQLP

exports[`#fetchAccount should collect data 1`] = `
{
  "collectedEntities": [
    {
      "_class": [
        "Account",
      ],
      "_key": "zendesk_account:creativice",
      "_rawData": [
        {
          "name": "default",
          "rawData": {
            "multiproduct": true,
            "name": "Creativice",
            "owner_id": 5812690998173,
            "sandbox": false,
            "subdomain": "creativice",
            "time_format": 24,
            "time_zone": "Europe/Belgrade",
            "url": "https://creativice.zendesk.com",
          },
        },
      ],
      "_type": "zendesk_account",
      "accessURL": "https://creativice.zendesk.com",
      "accountId": "creativice",
      "createdOn": undefined,
      "displayName": "Creativice",
      "name": "Creativice",
    },
  ],
  "collectedRelationships": [],
  "encounteredTypes": [
    "zendesk_account",
  ],
  "numCollectedEntities": 1,
  "numCollectedRelationships": 0,
}
`;
